String-MAS.Sanitizers2.yml.log
String-MAS.Datastructures1.yml.log
String-MAS.Aliasing6.yml.log
String-MAS.Basic38.yml.log
String-MAS.Basic29.yml.log
String-MAS.Inter14.yml.log
String-MAS.Basic18.yml.log
String-MAS.Collections9.yml.log
String-MAS.Pred9.yml.log
String-MAS.Basic35.yml.log
String-MAS.Inter2.yml.log
String-MAS.Sanitizers1.yml.log
String-MAS.Basic39.yml.log
String-MAS.Basic34.yml.log
String-MAS.Basic37.yml.log
String-MAS.Basic31.yml.log
String-MAS.StringConstructors04.yml.log
String-MAS.StringConstructors02.yml.log
String-MAS.StringConstructors05.yml.log
String-MAS.char1.yml.log
